// Jest Snapshot v1, https://goo.gl/fbAQLP

exports[`<CodeExample /> render renders the expected HTML 1`] = `
"const FlowcatchClient = require('flowcatch-client')

const FLOWCATCH = new FlowcatchClient({
  source: 'https://flowcatch/CHANNEL',
  target: 'http://localhost:3000/events',
  logger: console
})

const events = FLOWCATCH.start()

// Stop forwarding events
events.close()"
`;
